---
source: src/ui/render_tests.rs
expression: "render(&mut app, 160, 44)"
---
" 1  Health        8              │┌ Brew · 18 · needs (d: needed-by) ──────────────────────────────────────────┐│ Detail                                        "
" 2  Apps          8              ││   Name↑                       Version        Status                 Used by││openssl@3                                      "
"▸3  Brew         18              ││▾  Autoremove candidates  (2)                                               ││dependency — 3.6.3                             "
" 4  Tools        10              ││     Homebrew autoremove cand…                summary                       ││                                               "
" 5  Disk        ┌ Confirm ─────────────────────────────────────────────────────────────────────────────────────────────────────────────────────┐                "
" 6  Daemons     │Execute 1 remedy (trash mode)?                                                                                                │3               "
" 7  Shell       │                                                                                                                              │                "
" 8  Runtimes    │Will run, in this order:                                                                                                      │                "
" 9  Docker      │  Uninstall formula — brew uninstall wget                                                                                     │ed (install     "
" 0  Ports       │                                                                                                                              │brew autoremove "
"    Git         │Homebrew impact:                                                                                                              │                "
"    Simulators  │  removes: wget                                                                                                               │                "
"    Keys        │  predicted to become unneeded: libidn2, libunistring                                                                         │                "
"    Snapshots   │  after removal, review: brew autoremove --dry-run (re-run automatically)                                                     │                "
"                │  note: python@3.14 depends on sqlite, which is not in the installed inventory                                                │s a dependency  "
"                │  note: python@3.14 depends on xz, which is not in the installed inventory                                                    │o               "
"                │  note: python@3.14 depends on ca-certificates, which is not in the installed inventory                                       │                "
"                │  … 1 more graph notes (see the detail pane)                                                                                  │untime          "
"                │                                                                                                                              │ates            "
"                │Follow-up:                                                                                                                    │, wget          "
"                │  predicted to become unneeded after removal: libidn2, libunistring — review with `brew autoremove --dry-run`                 │pre-commit,     "
"                │                                                                                                                              │                "
"                │Reclaims: 0 B                                                                                                                 │                "
"                │                                                                                                                              │thon@3.14, wget "
"                │y / enter: run (re-checks every target first)    n / esc: cancel    J/K: scroll                                               │                "
"                │                                                                                                                              │, wget          "
"                │                                                                                                                              │                "
"                │                                                                                                                              │                "
"                │                                                                                                                              │                "
"                │                                                                                                                              │                "
"                │                                                                                                                              │                "
"                │                                                                                                                              │                "
"                │                                                                                                                              │                "
"                │                                                                                                                              │                "
"                │                                                                                                                              │                "
"                │                                                                                                                              │                "
"                │                                                                                                                              │                "
"                │                                                                                                                              │                "
"                │                                                                                                                              │                "
"                └──────────────────────────────────────────────────────────────────────────────────────────────────────────────────────────────┘                "
"                                 ││                                                                            ││                                               "
"                                 ││                                                                            ││                                               "
"                                 │└────────────────────────────────────────────────────────────────────────────┘│                                               "
"                                 │ ␣:mark  ⏎:open  z:fold  x:exec  r:rescan  /:filter  s:sort:Name↑  p:detail  H:sys-apps  ?:help  q:quit     Selected: 2 · 0 B "
