---
source: src/ui/render_tests.rs
expression: "render(&mut app, 160, 44)"
---
" 1  Health        8              │┌ Time Machine · 12 ─────────────────────────────────────────────────────────┐│ Detail                                        "
" 2  Apps          8              ││   Name                Size↓ Status                     Path                ││Time Machine – cantaloupe.local                "
" 3  Brew         18              ││▾  Backup  (2)                                                              ││Backup failed with error 56 (destination full):"
" 4  Tools        10              ││!    Time Machin… 418.26 GiB Failed (destination full)… /Volumes/…me Machine││cantaloupe.local has 50.0 GB free of its 499 GB"
" 5  Disk         11   13G        ││     Backups of …            Not mounted                /Volumes/…Book Air 2││quota and hasn't completed a backup in 27 days."
" 6  Daemons       7              ││▾  Backup set  (…                                                           ││                                               "
" 7  Shell         9              ││!    Estimated b… 383.70 GiB complete                   /Users/dev          ││Path                /Volumes/Time Machine      "
" 8  Runtimes      7  1.2G        ││▾  Exclusions  (…                                                           ││Size                418.26 GiB                 "
" 9  Docker        6  4.3G        ││     ~/dev           108 GiB Excluded                   ~/dev               ││Severity            warning                    "
" 0  Ports         6              ││     ~/.cache         23 GiB Excluded                   ~/.cache            ││Source                                         "
"    Git           7              ││     ~/Library/C…     20 GiB Excluded                   ~/Library/Caches    ││  tmutil destinationinfo -X; defaults export   "
"    Simulators    6  7.5G        ││▾  Local snapsho…                                                           ││com.apple.TimeMachine                          "
"    Keys          6              ││     Purgeable s…  67.62 GiB upper bound                                    ││                                               "
"▸   TimeMach     12              ││     Local snaps…            2026-09-11 06:00:00                            ││Details                                        "
"                                 ││     Local snaps…            2026-09-12 06:00:00                            ││Last result         destination full           "
"                                 ││     Local snaps…            2026-09-13 06:00:00                            ││Result code         56                         "
"                                 ││▾  Suggested exc…                                                           ││Last backup         2026-08-17 19:19           "
"                                 ││     ~/Library/M…     24 GiB Included                   ~/Library… Documents││Backup age          27 days ago                "
"                                 ││     ~/.cargo       2.10 GiB Included                   ~/.cargo            ││Oldest backup       2026-08-17 09:47           "
"                                 ││                                                                            ││Backups kept        3                          "
"                                 ││                                                                            ││Attempts            12                         "
"                                 ││                                                                            ││Last attempt        2026-09-12 18:37           "
"                                 ││                                                                            ││Automatic backups   yes                        "
"                                 ││                                                                            ││Backup interval     1 day                      "
"                                 ││                                                                            ││Quota               464.73 GiB                 "
"                                 ││                                                                            ││Used on destination  418.26 GiB                "
"                                 ││                                                                            ││Free on destination  46.59 GiB                 "
"                                 ││                                                                            ││Mounted             yes                        "
"                                 ││                                                                            ││URL                                            "
"                                 ││                                                                            ││  smb://user@cantaloupe._smb._tcp.local./Time%2"
"                                 ││                                                                            ││0Machine                                       "
"                                 ││                                                                            ││Kind                Network                    "
"                                 ││                                                                            ││Destination ID                                 "
"                                 ││                                                                            ││  146E01E3-B311-4132-9E56-918AA1A95509         "
"                                 ││                                                                            ││Preferences readable  yes                      "
"                                 ││                                                                            ││                                               "
"                                 ││                                                                            ││Remedies                                       "
"                                 ││                                                                            ││▶ 1. Reveal in Finder                          "
"                                 ││                                                                            ││  $ open -R '/Volumes/Time Machine'            "
"                                 ││                                                                            ││                                               "
"                                 ││                                                                            ││                                               "
"                                 ││                                                                            ││                                               "
"                                 │└────────────────────────────────────────────────────────────────────────────┘│                                               "
"                                 │ ␣:mark  ⏎:open  z:fold  x:exec  r:rescan  /:filter  s:sort:Size↓  p:detail  H:sys-apps  ?:help  q:quit     Selected: 0 · 0 B "
