---
source: src/ui/render_tests.rs
expression: "render(&mut app, 160, 44)"
---
" 1  Health        8      │┌ Projects · 7 ──────────────────────────────────────────────────────────────────────┐│ Detail                                        "
" 2  Apps          8      ││   Project                         Excl↓     Shared      Reach Worktrees Procs Ports││cubby                                          "
" 3  Brew         18      ││   cubby                          20 GiB        0 B     23 GiB         1     2     2││                                               "
" 4  Tools        10      ││   macaudit                        5 GiB        0 B      5 GiB                      ││Path            ~/dev/cubby                    "
" 5  Disk         11   13G││   ingredient-parser            1000 MiB        0 B   1000 MiB                      ││Size            20 GiB                         "
"▸6  Projects      7      ││   scratch/bench                  50 MiB        0 B     50 MiB                      ││Severity        info                           "
" 7  App space     9      ││   Baseline                                                                         ││                                               "
" 8  Daemons       7      ││   Coverage                                                                         ││Details                                        "
" 9  Shell         9      ││   Unattributed                                                                     ││Exclusive                                      "
" 0  Runtimes      7  1.2G││                                                                                    ││  20 GiB — only this owner touches it          "
"    Docker        6  4.3G││                                                                                    ││Shared                                         "
"    Ports         6      ││                                                                                    ││  0 B — this owner's slice of paths more than  "
"    Git           7      ││                                                                                    ││one owner touches                              "
"    Simulators    6  7.5G││                                                                                    ││Reach                                          "
"    iOS          11      ││                                                                                    ││  23 GiB — everything this owner touches,      "
"    Keys          6      ││                                                                                    ││shared and baseline included                   "
"    TimeMach     12      ││                                                                                    ││Baseline share                                 "
"                         ││                                                                                    ││  0 B — this owner's slice of ecosystem-wide   "
"                         ││                                                                                    ││resources                                      "
"                         ││                                                                                    ││Best evidence   exact                          "
"                         ││                                                                                    ││▮▮▮▮▮▮▮▮▮▮▮▮▮▮▮▮▮▮▮▮▮▮▮▮▮▮▮▮▮▮▮▮▮▮▮            "
"                         ││                                                                                    ││                                               "
"                         ││                                                                                    ││By kind                                        "
"                         ││                                                                                    ││Working tree    8 GiB                          "
"                         ││                                                                                    ││Artifacts       12 GiB                         "
"                         ││                                                                                    ││Package cache   3 GiB                          "
"                         ││                                                                                    ││                                               "
"                         ││                                                                                    ││Top entries                                    "
"                         ││                                                                                    ││12 GiB  exact   target                         "
"                         ││                                                                                    ││  ↳             Cargo.lock in cubby/           "
"                         ││                                                                                    ││8 GiB  exact    Working tree                   "
"                         ││                                                                                    ││  ↳             repo root                      "
"                         ││                                                                                    ││3 GiB  exact                                   "
"                         ││                                                                                    ││  node_modules/.pnpm (APFS clone) [clone]      "
"                         ││                                                                                    ││  ↳             pnpm store membership          "
"                         ││                                                                                    ││                                               "
"                         ││                                                                                    ││Worktrees                                      "
"                         ││                                                                                    ││  ~/.claude/worktrees/cubby-attribution        "
"                         ││                                                                                    ││                                               "
"                         ││                                                                                    ││Processes                                      "
"                         ││                                                                                    ││  5231          cargo — shell                  "
"                         ││                                                                                    ││  5240          node — server                  "
"                         │└────────────────────────────────────────────────────────────────────────────────────┘│Ports           3000, 5173                     "
"                         │ ␣:mark  ⏎:open  z:fold  x:exec  r:rescan  /:filter  s:sort:Excl↓  p:detail  H:sys-apps  ?:help  q:quit             Selected: 0 · 0 B "
