---
source: src/ui/render_tests.rs
expression: "render(&mut app, 160, 44)"
---
" 1  Health        8      │┌ Brew · 18 · needs (d: needed-by) ──────────────────────────────────────────────────┐│ Detail                                        "
" 2  Apps          8      ││   Name↑                               Version        Status                 Used by││openssl@3                                      "
"▸3  Brew         18      ││▾  Autoremove candidates  (2)                                                       ││dependency — 3.6.3 · Cryptography and SSL/TLS  "
" 4  Tools        10      ││     Homebrew autoremove candidates                   summary                       ││Toolkit                                        "
" 5  Disk        ┌ Confirm ─────────────────────────────────────────────────────────────────────────────────────────────────────────────────────┐                "
" 6  Projects    │Execute 1 remedy (trash mode)?                                                                                                │                "
" 7  App space   │                                                                                                                              │3               "
" 8  Daemons     │Will run, in this order:                                                                                                      │                "
" 9  Shell       │  Uninstall formula — brew uninstall wget                                                                                     │                "
" 0  Runtimes    │                                                                                                                              │ed (install     "
"    Docker      │Homebrew impact:                                                                                                              │brew autoremove "
"    Ports       │  removes: wget                                                                                                               │                "
"    Git         │  predicted to become unneeded: libidn2, libunistring                                                                         │                "
"    Simulators  │  after removal, review: brew autoremove --dry-run (re-run automatically)                                                     │                "
"    iOS         │  note: python@3.14 depends on sqlite, which is not in the installed inventory                                                │                "
"    Keys        │  note: python@3.14 depends on xz, which is not in the installed inventory                                                    │s a dependency  "
"    TimeMach    │  note: python@3.14 depends on ca-certificates, which is not in the installed inventory                                       │o               "
"                │  … 1 more graph notes (see the detail pane)                                                                                  │                "
"                │                                                                                                                              │untime          "
"                │Follow-up:                                                                                                                    │ates            "
"                │  predicted to become unneeded after removal: libidn2, libunistring — review with `brew autoremove --dry-run`                 │, wget          "
"                │                                                                                                                              │pre-commit,     "
"                │Reclaims: 0 B                                                                                                                 │                "
"                │                                                                                                                              │                "
"                │y / enter: run (re-checks every target first)    n / esc: cancel    J/K: scroll                                               │thon@3.14, wget "
"                │                                                                                                                              │                "
"                │                                                                                                                              │, wget          "
"                │                                                                                                                              │                "
"                │                                                                                                                              │kit             "
"                │                                                                                                                              │                "
"                │                                                                                                                              │                "
"                │                                                                                                                              │                "
"                │                                                                                                                              │                "
"                │                                                                                                                              │                "
"                │                                                                                                                              │                "
"                │                                                                                                                              │                "
"                │                                                                                                                              │                "
"                │                                                                                                                              │                "
"                │                                                                                                                              │                "
"                └──────────────────────────────────────────────────────────────────────────────────────────────────────────────────────────────┘                "
"                         ││                                                                                    ││                                               "
"                         ││                                                                                    ││                                               "
"                         │└────────────────────────────────────────────────────────────────────────────────────┘│                                               "
"                         │ ␣:mark  ⏎:open  z:fold  x:exec  r:rescan  /:filter  s:sort:Name↑  p:detail  H:sys-apps  ?:help  q:quit             Selected: 2 · 0 B "
