---
source: src/ui/render_tests.rs
expression: "render(&mut app, 160, 44)"
---
" 1  Health        8      │┌ Daemons · 7 ───────────────────────────────────────────────────────────────────────┐│ Detail                                        "
" 2  Apps          8      ││   Label                    Domain   State↓    Program                              ││com.microsoft.autoupdate.helper                "
" 3  Brew         18      ││   com.docker.helper        user     running   /Applications/Dock…/com.docker.helper││com.microsoft.autoupdate.helper —              "
" 4  Tools        10      ││   com.google.keystone.age… user     running   ~/Library/Google/G…oftwareUpdateAgent││/Library/Application                           "
" 5  Disk         11   13G││   com.microsoft.autoupdat… daemon   running   /Library/Applicati…nts/MacOS/msupdate││Support/Microsoft/MAU2.0/Microsoft             "
"▸6  Daemons       7      ││   com.spotify.webhelper    user     running   /Applications/Spot…S/SpotifyWebHelper││AutoUpdate.app/Contents/MacOS/msupdate         "
" 7  Shell         9      ││   homebrew.mxcl.postgresql user     running   /opt/homebrew/opt/…ql@16/bin/postgres││                                               "
" 8  Runtimes      7  1.2G││   com.adobe.acc.installer… library  stopped   /Library/Applicati…obe Creative Cloud││Path                                           "
" 9  Docker        6  4.3G││!  com.oldvendor.uninstall… user     stopped   /Library/Applicati…t/OldVendor/helper││  /Library/LaunchDaemons/com.microsoft.autoupda"
" 0  Ports         6      ││                                                                                    ││te.helper.plist                                "
"    Git           7      ││                                                                                    ││Severity     info                              "
"    Simulators    6  7.5G││                                                                                    ││                                               "
"    iOS          11      ││                                                                                    ││Details                                        "
"    Keys          6      ││                                                                                    ││Domain       daemon (/Library/LaunchDaemons)   "
"    TimeMach     12      ││                                                                                    ││Program                                        "
"                         ││                                                                                    ││  /Library/Application                         "
"                         ││                                                                                    ││Support/Microsoft/MAU2.0/Microsoft             "
"                         ││                                                                                    ││AutoUpdate.app/Contents/MacOS/msupdate         "
"                         ││                                                                                    ││Arguments                                      "
"                         ││                                                                                    ││  /Library/Application                         "
"                         ││                                                                                    ││Support/Microsoft/MAU2.0/Microsoft             "
"                         ││                                                                                    ││AutoUpdate.app/Contents/MacOS/msupdate         "
"                         ││                                                                                    ││Running      yes                               "
"                         ││                                                                                    ││Run at load  yes                               "
"                         ││                                                                                    ││Disabled     no                                "
"                         ││                                                                                    ││                                               "
"                         ││                                                                                    ││                                               "
"                         ││                                                                                    ││                                               "
"                         ││                                                                                    ││                                               "
"                         ││                                                                                    ││                                               "
"                         ││                                                                                    ││                                               "
"                         ││                                                                                    ││                                               "
"                         ││                                                                                    ││                                               "
"                         ││                                                                                    ││                                               "
"                         ││                                                                                    ││                                               "
"                         ││                                                                                    ││                                               "
"                         ││                                                                                    ││                                               "
"                         ││                                                                                    ││                                               "
"                         ││                                                                                    ││                                               "
"                         ││                                                                                    ││                                               "
"                         ││                                                                                    ││                                               "
"                         ││                                                                                    ││                                               "
"                         │└────────────────────────────────────────────────────────────────────────────────────┘│                                               "
"                         │ ␣:mark  ⏎:open  z:fold  x:exec  r:rescan  /:filter  s:sort:State↓  p:detail  H:sys-apps  ?:help  q:quit            Selected: 0 · 0 B "
