---
source: src/ui/render_tests.rs
expression: "render(&mut app, 150, 44)"
---
"▸1  Health        8              │┌ Resource Health ─────────────────────────────────────────────────────────────────────────────────────────────────┐"
" 2  Apps          8              ││Now — manual point-in-time sample                                                                                 │"
" 3  Brew          8              ││CPU load        load average 6.42 / 4.10 / 3.05 across 8 cores                                                    │"
" 4  Disk         10   13G        ││Memory pressure 14.2 GiB used of 16.0 GiB; 2.1 GiB compressed; 82% pressure                                       │"
" 5  Daemons       7              ││Swap            512.0 MiB used of 2.0 GiB                                                                         │"
" 6  Shell         7              ││Root disk       412.3 GiB used of 494.4 GiB; 82.1 GiB APFS free; 96.4 GiB macOS available (includes ~14.3 GiB     │"
" 7  Runtimes      7  1.2G        ││macOS-managed space: 3 local Time Machine snapshots, whose exact bytes macOS does not report, plus other purgeable│"
" 8  Docker        6  4.3G        ││space it does not itemize)                                                                                        │"
" 9  Ports         6              ││                                                                                                                  │"
" 0  Git           7              ││                                                                                                                  │"
"    Simulators    6  7.5G        ││Attention & active consumers                                                                                      │"
"    Keys          6              ││• mds_stores (pid 210) — 132.5% CPU · 620.0 MiB resident · root · R                                               │"
"    Snapshots     6              ││• Memory pressure — 14.2 GiB used of 16.0 GiB; 2.1 GiB compressed; 82% pressure                                   │"
"                                 ││• Root disk — 412.3 GiB used of 494.4 GiB; 82.1 GiB APFS free; 96.4 GiB macOS available (includes ~14.3 GiB       │"
"                                 ││macOS-managed space: 3 local Time Machine snapshots, whose exact bytes macOS does not report, plus other purgeable│"
"                                 ││space it does not itemize)                                                                                        │"
"                                 ││• Xcode (pid 512) — 64.2% CPU · 2.1 GiB resident · dev · S                                                        │"
"                                 ││• CPU load — load average 6.42 / 4.10 / 3.05 across 8 cores                                                       │"
"                                 ││                                                                                                                  │"
"                                 ││Disk and cleanup sources                                                                                          │"
"                                 ││Click a row (or Tab) to drill in; cleanup stays on the source findings.                                           │"
"                                 ││Disk allocation   ready · 10 findings · 85.95 GiB · 12.87 GiB actionable                                          │"
"                                 ││Docker            ready · 6 findings · 4.29 GiB · 4.29 GiB actionable                                             │"
"                                 ││Simulators        ready · 6 findings · 18.49 GiB · 7.49 GiB actionable                                            │"
"                                 ││Snapshots         ready · 6 findings · 0 B                                                                        │"
"                                 ││                                                                                                                  │"
"                                 ││Bounded disk categories                                                                                           │"
"                                 ││Development — 45.20 GiB (Measured 18432 entries in the selected root.)                                            │"
"                                 ││                                                                                                                  │"
"                                 ││                                                                                                                  │"
"                                 ││                                                                                                                  │"
"                                 ││                                                                                                                  │"
"                                 ││                                                                                                                  │"
"                                 ││                                                                                                                  │"
"                                 ││                                                                                                                  │"
"                                 ││                                                                                                                  │"
"                                 ││                                                                                                                  │"
"                                 ││                                                                                                                  │"
"                                 ││                                                                                                                  │"
"                                 ││                                                                                                                  │"
"                                 ││                                                                                                                  │"
"                                 ││                                                                                                                  │"
"                                 │└──────────────────────────────────────────────────────────────────────────────────────────────────────────────────┘"
"                                 │ ␣:mark  ⏎:open  z:fold  x:exec  r:rescan  /:filter  s:sort:?↑  p:detail  H:sys-apps  ?:help      Selected: 0 · 0 B "
