---
source: src/ui/render_tests.rs
expression: "render(&mut app, 150, 44)"
---
" 1  Health        8              │┌ Apps · 8 ───────────────────────────────────────────────────────────────┐│ Detail                                 "
"▸2  Apps          8              ││   Name↑                 Version      Source     Arch      Path          ││Xcode 15.3                              "
" 3  Brew          8              ││▾  App Store  (1)                                                        ││app_store — mac_app_store               "
" 4  Tools        10              ││     Xcode 15.3          15.3         App Store  universal /Appli…ode.app││                                        "
" 5  Disk         10   13G        ││▾  Homebrew Cask  (2)                                                    ││Path           /Applications/Xcode.app  "
" 6  Daemons       7              ││     Docker 4.29.0       4.29.0       cask       universal /Appli…ker.app││Severity       info                     "
" 7  Shell         7              ││     Slack 4.36.0        4.36.0       cask       universal /Appli…ack.app││                                        "
" 8  Runtimes      7  1.2G        ││▾  Unmanaged (Applicati…                                                 ││Details                                 "
" 9  Docker        6  4.3G        ││     iTerm 3.4.20  ⚠ ca… 3.4.20       unmanaged  universal /Appli…erm.app││Bundle id      com.apple.dt.Xcode       "
" 0  Ports         6              ││     LegacyPhotoEditor … 1.0          unmanaged  intel     /Appli…tor.app││Version        15.3                     "
"    Git           7              ││▾  Unmanaged (helpers &…                                                 ││Source         app_store                "
"    Simulators    6  7.5G        ││     VendorHelper 2.1    2.1          unmanaged  universal /Libra…per.app││Group          App Store                "
"    Keys          6              ││▾  User  (1)                                                             ││Obtained from  mac_app_store            "
"    Snapshots     6              ││     Keynote 13.3        13.3         user       universal /Appli…ote.app││Signed by                               "
"                                 ││                                                                         ││  Apple Mac OS Application Signing      "
"                                 ││                                                                         ││Architecture   universal                "
"                                 ││                                                                         ││                                        "
"                                 ││                                                                         ││Remedies                                "
"                                 ││                                                                         ││Reveal in Finder                        "
"                                 ││                                                                         ││  $ open -R /Applications/Xcode.app     "
"                                 ││                                                                         ││                                        "
"                                 ││                                                                         ││                                        "
"                                 ││                                                                         ││                                        "
"                                 ││                                                                         ││                                        "
"                                 ││                                                                         ││                                        "
"                                 ││                                                                         ││                                        "
"                                 ││                                                                         ││                                        "
"                                 ││                                                                         ││                                        "
"                                 ││                                                                         ││                                        "
"                                 ││                                                                         ││                                        "
"                                 ││                                                                         ││                                        "
"                                 ││                                                                         ││                                        "
"                                 ││                                                                         ││                                        "
"                                 ││                                                                         ││                                        "
"                                 ││                                                                         ││                                        "
"                                 ││                                                                         ││                                        "
"                                 ││                                                                         ││                                        "
"                                 ││                                                                         ││                                        "
"                                 ││                                                                         ││                                        "
"                                 ││                                                                         ││                                        "
"                                 ││                                                                         ││                                        "
"                                 ││                                                                         ││                                        "
"                                 │└─────────────────────────────────────────────────────────────────────────┘│                                        "
"                                 │ ␣:mark  ⏎:open  z:fold  x:exec  r:rescan  /:filter  s:sort:Name↑  p:detail  H:sys-apps  ?:help   Selected: 0 · 0 B "
