---
source: src/ui/render_tests.rs
expression: "render(&mut app, 160, 44)"
---
" 1  Health        8              │┌ Brew · 18 · needed by (d: needs) ──────────────────────────────────────────┐│ Detail                                        "
" 2  Apps          8              ││   Name↑                       Version        Status                 Used by││python@3.14                                    "
"▸3  Brew         18              ││▾  Autoremove candidates  (2)                                               ││requested — 3.14.7                             "
" 4  Tools        10              ││     Homebrew autoremove cand…                summary                       ││                                               "
" 5  Disk         10   13G        ││       libevent                2.1.13         autoremove                    ││Path                                           "
" 6  Daemons       7              ││▾  Explicitly installed  (7)                                                ││  /opt/homebrew/Cellar/python@3.14             "
" 7  Shell         9              ││       jq                      1.7.1          requested · leaf              ││Severity            info                       "
" 8  Runtimes      7  1.2G        ││       pgcli                   4.3.0          requested · leaf              ││Source                                         "
" 9  Docker        6  4.3G        ││       pre-commit              4.3.0          requested · leaf              ││  brew info --json=v2 --installed (install     "
" 0  Ports         6              ││     ▸ python@3.14             3.14.7         requested                    3││receipt runtime_dependencies); brew autoremove "
"    Git           7              ││       ripgrep                 14.1.0         requested · leaf              ││--dry-run                                      "
"    Simulators    6  7.5G        ││       wget                    1.21.4         outdated → 1.24.5             ││                                               "
"    Keys          6              ││       yt-dlp                  2026.09.01     requested · leaf              ││Details                                        "
"    Snapshots     6              ││▾  Installed as dependency  (…                                              ││Installed           3.14.7                     "
"                                 ││     ▸ libidn2                 2.3.7          dependency                   1││Origin                                         "
"                                 ││     ▸ libunistring            1.2            dependency                   1││  explicitly installed (installed_on_request)  "
"                                 ││     ▸ oniguruma               6.9.9          dependency                   1││Leaf (nothing depends on it)  no               "
"                                 ││     ▾ openssl@3               3.6.3          dependency                   2││Autoremove          no                         "
"                                 ││       ▸ python@3.14  (direct) 3.14.7         requested                    3││Dependency data     installed_runtime          "
"                                 ││         wget  (direct)        1.21.4         outdated → 1.24.5             ││Needs               openssl@3, sqlite, xz      "
"                                 ││     ▸ pcre2                   10.43          dependency                   1││Needs (transitive)  ca-certificates            "
"                                 ││▾  Unknown origin  (1)                                                      ││Needed by           pgcli, pre-commit, yt-dlp  "
"                                 ││       oldlib                  0.1            origin? · leaf                ││Kept because of     pgcli, pre-commit, yt-dlp  "
"                                 ││▾  Casks  (3)                                                               ││If removed                                     "
"                                 ││       docker                  4.29.0         cask                          ││Blocked by          pgcli, pre-commit, yt-dlp  "
"                                 ││       pdftk-java              3.3.3          cask                          ││                                               "
"                                 ││       visual-studio-code      1.89.1         cask                          ││                                               "
"                                 ││                                                                            ││                                               "
"                                 ││                                                                            ││                                               "
"                                 ││                                                                            ││                                               "
"                                 ││                                                                            ││                                               "
"                                 ││                                                                            ││                                               "
"                                 ││                                                                            ││                                               "
"                                 ││                                                                            ││                                               "
"                                 ││                                                                            ││                                               "
"                                 ││                                                                            ││                                               "
"                                 ││                                                                            ││                                               "
"                                 ││                                                                            ││                                               "
"                                 ││                                                                            ││                                               "
"                                 ││                                                                            ││                                               "
"                                 ││                                                                            ││                                               "
"                                 ││                                                                            ││                                               "
"                                 │└────────────────────────────────────────────────────────────────────────────┘│                                               "
"                                 │ ␣:mark  ⏎:open  z:fold  x:exec  r:rescan  /:filter  s:sort:Name↑  p:detail  H:sys-apps  ?:help  q:quit     Selected: 0 · 0 B "
