---
source: src/ui/render_tests.rs
expression: "render(&mut app, 160, 44)"
---
" 1  Health        8      │┌ Time Machine · 12 ─────────────────────────────────────────────────────────────────┐│ Detail                                        "
" 2  Apps          8      ││   Name                   Size↓ Status                     Path                     ││Time Machine – cantaloupe.local                "
" 3  Brew         18      ││▾  Backup  (2)                                                                      ││Backup failed with error 56 (destination full):"
" 4  Tools        10      ││!    Time Machine –… 418.26 GiB Failed (destination full)… /Volumes/Time Machine    ││cantaloupe.local has 50.0 GB free of its 499 GB"
" 5  Disk         11   13G││     Backups of Fix…            Not mounted                /Volumes/Bac…acBook Air 2││quota and hasn't completed a backup in 27 days."
" 6  Projects      7      ││▾  Backup set  (1)                                                                  ││                                               "
" 7  App space     9      ││!    Estimated back… 383.70 GiB complete                   /Users/dev               ││Path                /Volumes/Time Machine      "
" 8  Daemons       7      ││▾  Exclusions  (3)                                                                  ││Size                418.26 GiB                 "
" 9  Shell         9      ││     ~/dev              108 GiB Excluded                   ~/dev                    ││Severity            warning                    "
" 0  Runtimes      7  1.2G││     ~/.cache            23 GiB Excluded                   ~/.cache                 ││Source                                         "
"    Docker        6  4.3G││     ~/Library/Cach…     20 GiB Excluded                   ~/Library/Caches         ││  tmutil destinationinfo -X; defaults export   "
"    Ports         6      ││▾  Local snapshots …                                                                ││com.apple.TimeMachine                          "
"    Git           7      ││     Purgeable space  67.62 GiB upper bound                                         ││                                               "
"    Simulators    6  7.5G││     Local snapshot…            2026-09-11 06:00:00                                 ││Details                                        "
"    iOS          11      ││     Local snapshot…            2026-09-12 06:00:00                                 ││Last result         destination full           "
"    Keys          6      ││     Local snapshot…            2026-09-13 06:00:00                                 ││Result code         56                         "
"▸   TimeMach     12      ││▾  Suggested exclus…                                                                ││Last backup         2026-08-17 19:19           "
"                         ││     ~/Library/Mobi…     24 GiB Included                   ~/Library/Mo…le Documents││Backup age          27 days ago                "
"                         ││     ~/.cargo          2.10 GiB Included                   ~/.cargo                 ││Oldest backup       2026-08-17 09:47           "
"                         ││                                                                                    ││Backups kept        3                          "
"                         ││                                                                                    ││Attempts            12                         "
"                         ││                                                                                    ││Last attempt        2026-09-12 18:37           "
"                         ││                                                                                    ││Automatic backups   yes                        "
"                         ││                                                                                    ││Backup interval     1 day                      "
"                         ││                                                                                    ││Quota               464.73 GiB                 "
"                         ││                                                                                    ││Used on destination  418.26 GiB                "
"                         ││                                                                                    ││Free on destination  46.59 GiB                 "
"                         ││                                                                                    ││Mounted             yes                        "
"                         ││                                                                                    ││URL                                            "
"                         ││                                                                                    ││  smb://user@cantaloupe._smb._tcp.local./Time%2"
"                         ││                                                                                    ││0Machine                                       "
"                         ││                                                                                    ││Kind                Network                    "
"                         ││                                                                                    ││Destination ID                                 "
"                         ││                                                                                    ││  146E01E3-B311-4132-9E56-918AA1A95509         "
"                         ││                                                                                    ││Preferences readable  yes                      "
"                         ││                                                                                    ││                                               "
"                         ││                                                                                    ││Remedies                                       "
"                         ││                                                                                    ││▶ 1. Reveal in Finder                          "
"                         ││                                                                                    ││  $ open -R '/Volumes/Time Machine'            "
"                         ││                                                                                    ││                                               "
"                         ││                                                                                    ││                                               "
"                         ││                                                                                    ││                                               "
"                         │└────────────────────────────────────────────────────────────────────────────────────┘│                                               "
"                         │ ␣:mark  ⏎:open  z:fold  x:exec  r:rescan  /:filter  s:sort:Size↓  p:detail  H:sys-apps  ?:help  q:quit             Selected: 0 · 0 B "
