---
source: src/ui/render_tests.rs
expression: "render(&mut app, 150, 44)"
---
" 1  Health        8      │┌ Apps · 8 ─────────────────────────────────────────────────────────────────────┐│ Detail                                   "
"▸2  Apps          8      ││   Name↑                     Version      Source     Arch      Path            ││Xcode 15.3                                "
" 3  Brew         18      ││▾  App Store  (1)                                                              ││app_store — mac_app_store                 "
" 4  Tools        10      ││     Xcode 15.3              15.3         App Store  universal /Applic…code.app││                                          "
" 5  Disk         11   13G││▾  Homebrew Cask  (2)                                                          ││Path           /Applications/Xcode.app    "
" 6  Daemons       7      ││     Docker 4.29.0           4.29.0       cask       universal /Applic…cker.app││Severity       info                       "
" 7  Shell         9      ││     Slack 4.36.0            4.36.0       cask       universal /Applic…lack.app││                                          "
" 8  Runtimes      7  1.2G││▾  Unmanaged (Applications)…                                                   ││Details                                   "
" 9  Docker        6  4.3G││     iTerm 3.4.20  ⚠ cask: … 3.4.20       unmanaged  universal /Applic…Term.app││Bundle id      com.apple.dt.Xcode         "
" 0  Ports         6      ││     LegacyPhotoEditor 1.0   1.0          unmanaged  intel     /Applic…itor.app││Version        15.3                       "
"    Git           7      ││▾  Unmanaged (helpers & oth…                                                   ││Source         app_store                  "
"    Simulators    6  7.5G││     VendorHelper 2.1        2.1          unmanaged  universal /Librar…lper.app││Group          App Store                  "
"    iOS          11      ││▾  User  (1)                                                                   ││Obtained from  mac_app_store              "
"    Keys          6      ││     Keynote 13.3            13.3         user       universal /Applic…note.app││Signed by                                 "
"    TimeMach     12      ││                                                                               ││  Apple Mac OS Application Signing        "
"                         ││                                                                               ││Architecture   universal                  "
"                         ││                                                                               ││                                          "
"                         ││                                                                               ││Remedies                                  "
"                         ││                                                                               ││▶ 1. Reveal in Finder                     "
"                         ││                                                                               ││  $ open -R /Applications/Xcode.app       "
"                         ││                                                                               ││                                          "
"                         ││                                                                               ││                                          "
"                         ││                                                                               ││                                          "
"                         ││                                                                               ││                                          "
"                         ││                                                                               ││                                          "
"                         ││                                                                               ││                                          "
"                         ││                                                                               ││                                          "
"                         ││                                                                               ││                                          "
"                         ││                                                                               ││                                          "
"                         ││                                                                               ││                                          "
"                         ││                                                                               ││                                          "
"                         ││                                                                               ││                                          "
"                         ││                                                                               ││                                          "
"                         ││                                                                               ││                                          "
"                         ││                                                                               ││                                          "
"                         ││                                                                               ││                                          "
"                         ││                                                                               ││                                          "
"                         ││                                                                               ││                                          "
"                         ││                                                                               ││                                          "
"                         ││                                                                               ││                                          "
"                         ││                                                                               ││                                          "
"                         ││                                                                               ││                                          "
"                         │└───────────────────────────────────────────────────────────────────────────────┘│                                          "
"                         │ ␣:mark  ⏎:open  z:fold  x:exec  r:rescan  /:filter  s:sort:Name↑  p:detail  H:sys-apps  ?:help  q:quit   Selected: 0 · 0 B "
