---
source: src/ui/render_tests.rs
expression: "render(&mut app, 160, 44)"
---
" 1  Health        8      │┌ Global Tools · 10 ─────────────────────────────────────────────────────────────────┐│ Detail                                        "
" 2  Apps          8      ││   Name                        Version      Manager  Class↑                     Size││Select a row to see its details.               "
" 3  Brew         18      ││▾  pipx (~/.local/pipx/venvs)…                                                      ││                                               "
"▸4  Tools        10      ││     rendercv                  1.17.0       pipx     broken                  180 MiB││                                               "
" 5  Disk         11   13G││▾  uv (~/.local/share/uv/tool…                                                      ││                                               "
" 6  Daemons       7      ││     mcp-proxy                 0.12.0       uv       review                   64 MiB││                                               "
" 7  Shell         9      ││▾  npm (/opt/homebrew/lib/nod…                                                      ││                                               "
" 8  Runtimes      7  1.2G││     pnpm                      unknown      npm      broken                         ││                                               "
" 9  Docker        6  4.3G││     @openai/codex             0.118.0      npm      shadowed                 48 MiB││                                               "
" 0  Ports         6      ││▾  pnpm (~/Library/pnpm/globa…                                                      ││                                               "
"    Git           7      ││     clawhub                   0.7.0        pnpm     review                   21 MiB││                                               "
"    Simulators    6  7.5G││▾  cargo (~/.cargo)  (1)                                                            ││                                               "
"    iOS          11      ││     wasm-pack                 0.14.0       cargo    duplicate                12 MiB││                                               "
"    Keys          6      ││▾  pip (/opt/homebrew/lib/pyt…                                                      ││                                               "
"    TimeMach     12      ││     requests                  2.32.5       pip      review                    2 MiB││                                               "
"                         ││     certifi                   2026.7.22    pip      required                       ││                                               "
"                         ││▾  Command resolution  (1)                                                          ││                                               "
"                         ││     pnpm                                   shell    differs                        ││                                               "
"                         ││▾  Coverage  (1)                                                                    ││                                               "
"                         ││     Global tools coverage                  scan                                    ││                                               "
"                         ││                                                                                    ││                                               "
"                         ││                                                                                    ││                                               "
"                         ││                                                                                    ││                                               "
"                         ││                                                                                    ││                                               "
"                         ││                                                                                    ││                                               "
"                         ││                                                                                    ││                                               "
"                         ││                                                                                    ││                                               "
"                         ││                                                                                    ││                                               "
"                         ││                                                                                    ││                                               "
"                         ││                                                                                    ││                                               "
"                         ││                                                                                    ││                                               "
"                         ││                                                                                    ││                                               "
"                         ││                                                                                    ││                                               "
"                         ││                                                                                    ││                                               "
"                         ││                                                                                    ││                                               "
"                         ││                                                                                    ││                                               "
"                         ││                                                                                    ││                                               "
"                         ││                                                                                    ││                                               "
"                         ││                                                                                    ││                                               "
"                         ││                                                                                    ││                                               "
"                         ││                                                                                    ││                                               "
"                         ││                                                                                    ││                                               "
"                         │└────────────────────────────────────────────────────────────────────────────────────┘│                                               "
"                         │ ␣:mark  ⏎:open  z:fold  x:exec  r:rescan  /:filter  s:sort:Class↑  p:detail  H:sys-apps  ?:help  q:quit            Selected: 0 · 0 B "
