---
source: src/ui/render_tests.rs
expression: "render(&mut app, 160, 44)"
---
" 1  Health        8      │┌ iOS Devices · 11 ──────────────────────────────────────────────────────────────────┐│ Detail                                        "
" 2  Apps          8      ││   Name                                     Kind            App      Data      Size↓││Spotify                                        "
" 3  Brew         18      ││   Nicky iPhone · iPhone18,1 · iOS 27.0     device                        211.07 GiB││com.spotify.client · User                      "
" 4  Tools        10      ││   Spotify                                  user     247.96 MiB 35.66 GiB  35.90 GiB││                                               "
" 5  Disk         11   13G││   TikTok                                   user     944.14 MiB  3.05 GiB   3.97 GiB││Size       35.90 GiB                           "
" 6  Projects      7      ││   Google Photos                            user     400.54 MiB  1.53 GiB   1.92 GiB││Severity   attention                           "
" 7  App space     9      ││   Instagram                                user     562.67 MiB  1.29 GiB   1.84 GiB││Coverage                                       "
" 8  Daemons       7      ││   Polycam                                  user     486.37 MiB  1.24 GiB   1.71 GiB││  Data size includes content iOS may count as  "
" 9  Shell         9      ││   Notes                                    system    19.07 MiB  1.53 GiB   1.55 GiB││purgeable                                      "
" 0  Runtimes      7  1.2G││   Chrome                                   user     371.93 MiB 858.31 M…   1.20 GiB││                                               "
"    Docker        6  4.3G││   Google Maps                              user     438.69 MiB 743.87 M…   1.15 GiB││Details                                        "
"    Ports         6      ││   Safari                                   system     1.91 MiB 658.04 M… 659.94 MiB││Bundle ID  com.spotify.client                  "
"    Git           7      ││   T-Life                                   user     619.89 MiB       0 B 619.89 MiB││Version    9.0.86                              "
"    Simulators    6  7.5G││                                                                                    ││Type       User                                "
"▸   iOS          11      ││                                                                                    ││App size   247.96 MiB                          "
"    Keys          6      ││                                                                                    ││Data size  35.66 GiB                           "
"    TimeMach     12      ││                                                                                    ││Device     Nicky iPhone                        "
"                         ││                                                                                    ││UDID       00008150-001915442138401C           "
"                         ││                                                                                    ││                                               "
"                         ││                                                                                    ││Remedies                                       "
"                         ││                                                                                    ││▶ 1. Copy uninstall command (removes the app   "
"                         ││                                                                                    ││and its data)                                  "
"                         ││                                                                                    ││  $ pbcopy <<< 'ideviceinstaller -u            "
"                         ││                                                                                    ││00008150-001915442138401C uninstall            "
"                         ││                                                                                    ││com.spotify.client'                            "
"                         ││                                                                                    ││                                               "
"                         ││                                                                                    ││                                               "
"                         ││                                                                                    ││                                               "
"                         ││                                                                                    ││                                               "
"                         ││                                                                                    ││                                               "
"                         ││                                                                                    ││                                               "
"                         ││                                                                                    ││                                               "
"                         ││                                                                                    ││                                               "
"                         ││                                                                                    ││                                               "
"                         ││                                                                                    ││                                               "
"                         ││                                                                                    ││                                               "
"                         ││                                                                                    ││                                               "
"                         ││                                                                                    ││                                               "
"                         ││                                                                                    ││                                               "
"                         ││                                                                                    ││                                               "
"                         ││                                                                                    ││                                               "
"                         ││                                                                                    ││                                               "
"                         │└────────────────────────────────────────────────────────────────────────────────────┘│                                               "
"                         │ ␣:mark  ⏎:open  z:fold  x:exec  r:rescan  /:filter  s:sort:Size↓  p:detail  H:sys-apps  ?:help  q:quit             Selected: 0 · 0 B "
